// Jest Snapshot v1, https://goo.gl/fbAQLP

exports[`MainContainer Component renders correctly with KeyboardAvoidingView 1`] = `null`;

exports[`MainContainer Component renders correctly without KeyboardAvoidingView 1`] = `null`;
